2026-10-07T10:01:02Z INFO  request id=req_001 path=/api/users status=200 duration=12ms
2026-10-07T10:01:03Z WARN  request id=req_002 path=/api/orders status=429 duration=3ms
2026-10-07T10:01:04Z ERROR request id=req_003 path=/api/checkout status=500 duration=89ms error="db timeout"
2026-10-07T10:01:05Z INFO  request id=req_004 path=/api/users status=200 duration=8ms
2026-10-07T10:01:06Z ERROR request id=req_005 path=/api/checkout status=500 duration=120ms error="payment gateway unavailable"
2026-10-07T10:01:07Z INFO  request id=req_006 path=/api/catalog status=200 duration=5ms
2026-10-07T10:01:08Z WARN  request id=req_007 path=/api/cart status=429 duration=2ms
2026-10-07T10:01:09Z ERROR request id=req_008 path=/api/checkout status=502 duration=200ms error="upstream reset"
2026-10-07T10:02:01Z INFO  request id=req_0001 path=/api/ping status=200 duration=2ms
2026-10-07T10:02:02Z INFO  request id=req_0002 path=/api/ping status=200 duration=3ms
2026-10-07T10:02:03Z INFO  request id=req_0003 path=/api/ping status=200 duration=4ms
2026-10-07T10:02:04Z INFO  request id=req_0004 path=/api/ping status=200 duration=5ms
2026-10-07T10:02:05Z INFO  request id=req_0005 path=/api/ping status=200 duration=6ms
2026-10-07T10:02:06Z INFO  request id=req_0006 path=/api/ping status=200 duration=7ms
2026-10-07T10:02:07Z INFO  request id=req_0007 path=/api/ping status=200 duration=8ms
2026-10-07T10:02:08Z INFO  request id=req_0008 path=/api/ping status=200 duration=9ms
2026-10-07T10:02:09Z INFO  request id=req_0009 path=/api/ping status=200 duration=10ms
2026-10-07T10:02:10Z INFO  request id=req_0010 path=/api/ping status=200 duration=11ms
2026-10-07T10:02:11Z WARN  request id=req_0011 path=/api/ping status=200 duration=12ms
2026-10-07T10:02:12Z INFO  request id=req_0012 path=/api/ping status=200 duration=13ms
2026-10-07T10:02:13Z INFO  request id=req_0013 path=/api/ping status=200 duration=14ms
2026-10-07T10:02:14Z INFO  request id=req_0014 path=/api/ping status=200 duration=15ms
2026-10-07T10:02:15Z INFO  request id=req_0015 path=/api/ping status=200 duration=16ms
2026-10-07T10:02:16Z INFO  request id=req_0016 path=/api/ping status=200 duration=17ms
2026-10-07T10:02:17Z ERROR request id=req_0017 path=/api/ping status=500 duration=18ms error="simulated failure"
2026-10-07T10:02:18Z INFO  request id=req_0018 path=/api/ping status=200 duration=19ms
2026-10-07T10:02:19Z INFO  request id=req_0019 path=/api/ping status=200 duration=20ms
2026-10-07T10:02:20Z INFO  request id=req_0020 path=/api/ping status=200 duration=21ms
2026-10-07T10:02:21Z INFO  request id=req_0021 path=/api/ping status=200 duration=22ms
2026-10-07T10:02:22Z WARN  request id=req_0022 path=/api/ping status=200 duration=23ms
2026-10-07T10:02:23Z INFO  request id=req_0023 path=/api/ping status=200 duration=24ms
2026-10-07T10:02:24Z INFO  request id=req_0024 path=/api/ping status=200 duration=25ms
2026-10-07T10:02:25Z INFO  request id=req_0025 path=/api/ping status=200 duration=26ms
2026-10-07T10:02:26Z INFO  request id=req_0026 path=/api/ping status=200 duration=27ms
2026-10-07T10:02:27Z INFO  request id=req_0027 path=/api/ping status=200 duration=28ms
2026-10-07T10:02:28Z INFO  request id=req_0028 path=/api/ping status=200 duration=29ms
2026-10-07T10:02:29Z INFO  request id=req_0029 path=/api/ping status=200 duration=30ms
2026-10-07T10:02:30Z INFO  request id=req_0030 path=/api/ping status=200 duration=31ms
2026-10-07T10:02:31Z INFO  request id=req_0031 path=/api/ping status=200 duration=32ms
2026-10-07T10:02:32Z INFO  request id=req_0032 path=/api/ping status=200 duration=33ms
2026-10-07T10:02:33Z WARN  request id=req_0033 path=/api/ping status=200 duration=34ms
2026-10-07T10:02:34Z ERROR request id=req_0034 path=/api/ping status=500 duration=35ms error="simulated failure"
2026-10-07T10:02:35Z INFO  request id=req_0035 path=/api/ping status=200 duration=36ms
2026-10-07T10:02:36Z INFO  request id=req_0036 path=/api/ping status=200 duration=37ms
2026-10-07T10:02:37Z INFO  request id=req_0037 path=/api/ping status=200 duration=38ms
2026-10-07T10:02:38Z INFO  request id=req_0038 path=/api/ping status=200 duration=39ms
2026-10-07T10:02:39Z INFO  request id=req_0039 path=/api/ping status=200 duration=40ms
2026-10-07T10:02:40Z INFO  request id=req_0040 path=/api/ping status=200 duration=1ms
2026-10-07T10:02:41Z INFO  request id=req_0041 path=/api/ping status=200 duration=2ms
2026-10-07T10:02:42Z INFO  request id=req_0042 path=/api/ping status=200 duration=3ms
2026-10-07T10:02:43Z INFO  request id=req_0043 path=/api/ping status=200 duration=4ms
2026-10-07T10:02:44Z WARN  request id=req_0044 path=/api/ping status=200 duration=5ms
2026-10-07T10:02:45Z INFO  request id=req_0045 path=/api/ping status=200 duration=6ms
2026-10-07T10:02:46Z INFO  request id=req_0046 path=/api/ping status=200 duration=7ms
2026-10-07T10:02:47Z INFO  request id=req_0047 path=/api/ping status=200 duration=8ms
2026-10-07T10:02:48Z INFO  request id=req_0048 path=/api/ping status=200 duration=9ms
2026-10-07T10:02:49Z INFO  request id=req_0049 path=/api/ping status=200 duration=10ms
2026-10-07T10:02:50Z INFO  request id=req_0050 path=/api/ping status=200 duration=11ms
2026-10-07T10:02:51Z ERROR request id=req_0051 path=/api/ping status=500 duration=12ms error="simulated failure"
2026-10-07T10:02:52Z INFO  request id=req_0052 path=/api/ping status=200 duration=13ms
2026-10-07T10:02:53Z INFO  request id=req_0053 path=/api/ping status=200 duration=14ms
2026-10-07T10:02:54Z INFO  request id=req_0054 path=/api/ping status=200 duration=15ms
2026-10-07T10:02:55Z WARN  request id=req_0055 path=/api/ping status=200 duration=16ms
2026-10-07T10:02:56Z INFO  request id=req_0056 path=/api/ping status=200 duration=17ms
2026-10-07T10:02:57Z INFO  request id=req_0057 path=/api/ping status=200 duration=18ms
2026-10-07T10:02:58Z INFO  request id=req_0058 path=/api/ping status=200 duration=19ms
2026-10-07T10:02:59Z INFO  request id=req_0059 path=/api/ping status=200 duration=20ms
2026-10-07T10:02:00Z INFO  request id=req_0060 path=/api/ping status=200 duration=21ms
2026-10-07T10:02:01Z INFO  request id=req_0061 path=/api/ping status=200 duration=22ms
2026-10-07T10:02:02Z INFO  request id=req_0062 path=/api/ping status=200 duration=23ms
2026-10-07T10:02:03Z INFO  request id=req_0063 path=/api/ping status=200 duration=24ms
2026-10-07T10:02:04Z INFO  request id=req_0064 path=/api/ping status=200 duration=25ms
2026-10-07T10:02:05Z INFO  request id=req_0065 path=/api/ping status=200 duration=26ms
2026-10-07T10:02:06Z WARN  request id=req_0066 path=/api/ping status=200 duration=27ms
2026-10-07T10:02:07Z INFO  request id=req_0067 path=/api/ping status=200 duration=28ms
2026-10-07T10:02:08Z ERROR request id=req_0068 path=/api/ping status=500 duration=29ms error="simulated failure"
2026-10-07T10:02:09Z INFO  request id=req_0069 path=/api/ping status=200 duration=30ms
2026-10-07T10:02:10Z INFO  request id=req_0070 path=/api/ping status=200 duration=31ms
2026-10-07T10:02:11Z INFO  request id=req_0071 path=/api/ping status=200 duration=32ms
2026-10-07T10:02:12Z INFO  request id=req_0072 path=/api/ping status=200 duration=33ms
2026-10-07T10:02:13Z INFO  request id=req_0073 path=/api/ping status=200 duration=34ms
2026-10-07T10:02:14Z INFO  request id=req_0074 path=/api/ping status=200 duration=35ms
2026-10-07T10:02:15Z INFO  request id=req_0075 path=/api/ping status=200 duration=36ms
2026-10-07T10:02:16Z INFO  request id=req_0076 path=/api/ping status=200 duration=37ms
2026-10-07T10:02:17Z WARN  request id=req_0077 path=/api/ping status=200 duration=38ms
2026-10-07T10:02:18Z INFO  request id=req_0078 path=/api/ping status=200 duration=39ms
2026-10-07T10:02:19Z INFO  request id=req_0079 path=/api/ping status=200 duration=40ms
2026-10-07T10:02:20Z INFO  request id=req_0080 path=/api/ping status=200 duration=1ms
2026-10-07T10:02:21Z INFO  request id=req_0081 path=/api/ping status=200 duration=2ms
2026-10-07T10:02:22Z INFO  request id=req_0082 path=/api/ping status=200 duration=3ms
2026-10-07T10:02:23Z INFO  request id=req_0083 path=/api/ping status=200 duration=4ms
2026-10-07T10:02:24Z INFO  request id=req_0084 path=/api/ping status=200 duration=5ms
2026-10-07T10:02:25Z ERROR request id=req_0085 path=/api/ping status=500 duration=6ms error="simulated failure"
2026-10-07T10:02:26Z INFO  request id=req_0086 path=/api/ping status=200 duration=7ms
2026-10-07T10:02:27Z INFO  request id=req_0087 path=/api/ping status=200 duration=8ms
2026-10-07T10:02:28Z WARN  request id=req_0088 path=/api/ping status=200 duration=9ms
2026-10-07T10:02:29Z INFO  request id=req_0089 path=/api/ping status=200 duration=10ms
2026-10-07T10:02:30Z INFO  request id=req_0090 path=/api/ping status=200 duration=11ms
2026-10-07T10:02:31Z INFO  request id=req_0091 path=/api/ping status=200 duration=12ms
2026-10-07T10:02:32Z INFO  request id=req_0092 path=/api/ping status=200 duration=13ms
2026-10-07T10:02:33Z INFO  request id=req_0093 path=/api/ping status=200 duration=14ms
2026-10-07T10:02:34Z INFO  request id=req_0094 path=/api/ping status=200 duration=15ms
2026-10-07T10:02:35Z INFO  request id=req_0095 path=/api/ping status=200 duration=16ms
2026-10-07T10:02:36Z INFO  request id=req_0096 path=/api/ping status=200 duration=17ms
2026-10-07T10:02:37Z INFO  request id=req_0097 path=/api/ping status=200 duration=18ms
2026-10-07T10:02:38Z INFO  request id=req_0098 path=/api/ping status=200 duration=19ms
2026-10-07T10:02:39Z WARN  request id=req_0099 path=/api/ping status=200 duration=20ms
2026-10-07T10:02:40Z INFO  request id=req_0100 path=/api/ping status=200 duration=21ms
2026-10-07T10:02:41Z INFO  request id=req_0101 path=/api/ping status=200 duration=22ms
2026-10-07T10:02:42Z ERROR request id=req_0102 path=/api/ping status=500 duration=23ms error="simulated failure"
2026-10-07T10:02:43Z INFO  request id=req_0103 path=/api/ping status=200 duration=24ms
2026-10-07T10:02:44Z INFO  request id=req_0104 path=/api/ping status=200 duration=25ms
2026-10-07T10:02:45Z INFO  request id=req_0105 path=/api/ping status=200 duration=26ms
2026-10-07T10:02:46Z INFO  request id=req_0106 path=/api/ping status=200 duration=27ms
2026-10-07T10:02:47Z INFO  request id=req_0107 path=/api/ping status=200 duration=28ms
2026-10-07T10:02:48Z INFO  request id=req_0108 path=/api/ping status=200 duration=29ms
2026-10-07T10:02:49Z INFO  request id=req_0109 path=/api/ping status=200 duration=30ms
2026-10-07T10:02:50Z WARN  request id=req_0110 path=/api/ping status=200 duration=31ms
2026-10-07T10:02:51Z INFO  request id=req_0111 path=/api/ping status=200 duration=32ms
2026-10-07T10:02:52Z INFO  request id=req_0112 path=/api/ping status=200 duration=33ms
2026-10-07T10:02:53Z INFO  request id=req_0113 path=/api/ping status=200 duration=34ms
2026-10-07T10:02:54Z INFO  request id=req_0114 path=/api/ping status=200 duration=35ms
2026-10-07T10:02:55Z INFO  request id=req_0115 path=/api/ping status=200 duration=36ms
2026-10-07T10:02:56Z INFO  request id=req_0116 path=/api/ping status=200 duration=37ms
2026-10-07T10:02:57Z INFO  request id=req_0117 path=/api/ping status=200 duration=38ms
2026-10-07T10:02:58Z INFO  request id=req_0118 path=/api/ping status=200 duration=39ms
2026-10-07T10:02:59Z ERROR request id=req_0119 path=/api/ping status=500 duration=40ms error="simulated failure"
2026-10-07T10:02:00Z INFO  request id=req_0120 path=/api/ping status=200 duration=1ms
2026-10-07T10:02:01Z WARN  request id=req_0121 path=/api/ping status=200 duration=2ms
2026-10-07T10:02:02Z INFO  request id=req_0122 path=/api/ping status=200 duration=3ms
2026-10-07T10:02:03Z INFO  request id=req_0123 path=/api/ping status=200 duration=4ms
2026-10-07T10:02:04Z INFO  request id=req_0124 path=/api/ping status=200 duration=5ms
2026-10-07T10:02:05Z INFO  request id=req_0125 path=/api/ping status=200 duration=6ms
2026-10-07T10:02:06Z INFO  request id=req_0126 path=/api/ping status=200 duration=7ms
2026-10-07T10:02:07Z INFO  request id=req_0127 path=/api/ping status=200 duration=8ms
2026-10-07T10:02:08Z INFO  request id=req_0128 path=/api/ping status=200 duration=9ms
2026-10-07T10:02:09Z INFO  request id=req_0129 path=/api/ping status=200 duration=10ms
2026-10-07T10:02:10Z INFO  request id=req_0130 path=/api/ping status=200 duration=11ms
2026-10-07T10:02:11Z INFO  request id=req_0131 path=/api/ping status=200 duration=12ms
2026-10-07T10:02:12Z WARN  request id=req_0132 path=/api/ping status=200 duration=13ms
2026-10-07T10:02:13Z INFO  request id=req_0133 path=/api/ping status=200 duration=14ms
2026-10-07T10:02:14Z INFO  request id=req_0134 path=/api/ping status=200 duration=15ms
2026-10-07T10:02:15Z INFO  request id=req_0135 path=/api/ping status=200 duration=16ms
2026-10-07T10:02:16Z ERROR request id=req_0136 path=/api/ping status=500 duration=17ms error="simulated failure"
2026-10-07T10:02:17Z INFO  request id=req_0137 path=/api/ping status=200 duration=18ms
2026-10-07T10:02:18Z INFO  request id=req_0138 path=/api/ping status=200 duration=19ms
2026-10-07T10:02:19Z INFO  request id=req_0139 path=/api/ping status=200 duration=20ms
2026-10-07T10:02:20Z INFO  request id=req_0140 path=/api/ping status=200 duration=21ms
2026-10-07T10:02:21Z INFO  request id=req_0141 path=/api/ping status=200 duration=22ms
2026-10-07T10:02:22Z INFO  request id=req_0142 path=/api/ping status=200 duration=23ms
2026-10-07T10:02:23Z WARN  request id=req_0143 path=/api/ping status=200 duration=24ms
2026-10-07T10:02:24Z INFO  request id=req_0144 path=/api/ping status=200 duration=25ms
2026-10-07T10:02:25Z INFO  request id=req_0145 path=/api/ping status=200 duration=26ms
2026-10-07T10:02:26Z INFO  request id=req_0146 path=/api/ping status=200 duration=27ms
2026-10-07T10:02:27Z INFO  request id=req_0147 path=/api/ping status=200 duration=28ms
2026-10-07T10:02:28Z INFO  request id=req_0148 path=/api/ping status=200 duration=29ms
2026-10-07T10:02:29Z INFO  request id=req_0149 path=/api/ping status=200 duration=30ms
2026-10-07T10:02:30Z INFO  request id=req_0150 path=/api/ping status=200 duration=31ms
2026-10-07T10:02:31Z INFO  request id=req_0151 path=/api/ping status=200 duration=32ms
2026-10-07T10:02:32Z INFO  request id=req_0152 path=/api/ping status=200 duration=33ms
2026-10-07T10:02:33Z ERROR request id=req_0153 path=/api/ping status=500 duration=34ms error="simulated failure"
2026-10-07T10:02:34Z WARN  request id=req_0154 path=/api/ping status=200 duration=35ms
2026-10-07T10:02:35Z INFO  request id=req_0155 path=/api/ping status=200 duration=36ms
2026-10-07T10:02:36Z INFO  request id=req_0156 path=/api/ping status=200 duration=37ms
2026-10-07T10:02:37Z INFO  request id=req_0157 path=/api/ping status=200 duration=38ms
2026-10-07T10:02:38Z INFO  request id=req_0158 path=/api/ping status=200 duration=39ms
2026-10-07T10:02:39Z INFO  request id=req_0159 path=/api/ping status=200 duration=40ms
2026-10-07T10:02:40Z INFO  request id=req_0160 path=/api/ping status=200 duration=1ms
2026-10-07T10:02:41Z INFO  request id=req_0161 path=/api/ping status=200 duration=2ms
2026-10-07T10:02:42Z INFO  request id=req_0162 path=/api/ping status=200 duration=3ms
2026-10-07T10:02:43Z INFO  request id=req_0163 path=/api/ping status=200 duration=4ms
2026-10-07T10:02:44Z INFO  request id=req_0164 path=/api/ping status=200 duration=5ms
2026-10-07T10:02:45Z WARN  request id=req_0165 path=/api/ping status=200 duration=6ms
2026-10-07T10:02:46Z INFO  request id=req_0166 path=/api/ping status=200 duration=7ms
2026-10-07T10:02:47Z INFO  request id=req_0167 path=/api/ping status=200 duration=8ms
2026-10-07T10:02:48Z INFO  request id=req_0168 path=/api/ping status=200 duration=9ms
2026-10-07T10:02:49Z INFO  request id=req_0169 path=/api/ping status=200 duration=10ms
2026-10-07T10:02:50Z ERROR request id=req_0170 path=/api/ping status=500 duration=11ms error="simulated failure"
2026-10-07T10:02:51Z INFO  request id=req_0171 path=/api/ping status=200 duration=12ms
2026-10-07T10:02:52Z INFO  request id=req_0172 path=/api/ping status=200 duration=13ms
2026-10-07T10:02:53Z INFO  request id=req_0173 path=/api/ping status=200 duration=14ms
2026-10-07T10:02:54Z INFO  request id=req_0174 path=/api/ping status=200 duration=15ms
2026-10-07T10:02:55Z INFO  request id=req_0175 path=/api/ping status=200 duration=16ms
2026-10-07T10:02:56Z WARN  request id=req_0176 path=/api/ping status=200 duration=17ms
2026-10-07T10:02:57Z INFO  request id=req_0177 path=/api/ping status=200 duration=18ms
2026-10-07T10:02:58Z INFO  request id=req_0178 path=/api/ping status=200 duration=19ms
2026-10-07T10:02:59Z INFO  request id=req_0179 path=/api/ping status=200 duration=20ms
2026-10-07T10:02:00Z INFO  request id=req_0180 path=/api/ping status=200 duration=21ms
2026-10-07T10:02:01Z INFO  request id=req_0181 path=/api/ping status=200 duration=22ms
2026-10-07T10:02:02Z INFO  request id=req_0182 path=/api/ping status=200 duration=23ms
2026-10-07T10:02:03Z INFO  request id=req_0183 path=/api/ping status=200 duration=24ms
2026-10-07T10:02:04Z INFO  request id=req_0184 path=/api/ping status=200 duration=25ms
2026-10-07T10:02:05Z INFO  request id=req_0185 path=/api/ping status=200 duration=26ms
2026-10-07T10:02:06Z INFO  request id=req_0186 path=/api/ping status=200 duration=27ms
2026-10-07T10:02:07Z ERROR request id=req_0187 path=/api/ping status=500 duration=28ms error="simulated failure"
2026-10-07T10:02:08Z INFO  request id=req_0188 path=/api/ping status=200 duration=29ms
2026-10-07T10:02:09Z INFO  request id=req_0189 path=/api/ping status=200 duration=30ms
2026-10-07T10:02:10Z INFO  request id=req_0190 path=/api/ping status=200 duration=31ms
2026-10-07T10:02:11Z INFO  request id=req_0191 path=/api/ping status=200 duration=32ms
2026-10-07T10:02:12Z INFO  request id=req_0192 path=/api/ping status=200 duration=33ms
2026-10-07T10:02:13Z INFO  request id=req_0193 path=/api/ping status=200 duration=34ms
2026-10-07T10:02:14Z INFO  request id=req_0194 path=/api/ping status=200 duration=35ms
2026-10-07T10:02:15Z INFO  request id=req_0195 path=/api/ping status=200 duration=36ms
2026-10-07T10:02:16Z INFO  request id=req_0196 path=/api/ping status=200 duration=37ms
2026-10-07T10:02:17Z INFO  request id=req_0197 path=/api/ping status=200 duration=38ms
2026-10-07T10:02:18Z WARN  request id=req_0198 path=/api/ping status=200 duration=39ms
2026-10-07T10:02:19Z INFO  request id=req_0199 path=/api/ping status=200 duration=40ms
2026-10-07T10:02:20Z INFO  request id=req_0200 path=/api/ping status=200 duration=1ms
2026-10-07T10:02:21Z INFO  request id=req_0201 path=/api/ping status=200 duration=2ms
2026-10-07T10:02:22Z INFO  request id=req_0202 path=/api/ping status=200 duration=3ms
2026-10-07T10:02:23Z INFO  request id=req_0203 path=/api/ping status=200 duration=4ms
2026-10-07T10:02:24Z ERROR request id=req_0204 path=/api/ping status=500 duration=5ms error="simulated failure"
2026-10-07T10:02:25Z INFO  request id=req_0205 path=/api/ping status=200 duration=6ms
2026-10-07T10:02:26Z INFO  request id=req_0206 path=/api/ping status=200 duration=7ms
2026-10-07T10:02:27Z INFO  request id=req_0207 path=/api/ping status=200 duration=8ms
2026-10-07T10:02:28Z INFO  request id=req_0208 path=/api/ping status=200 duration=9ms
2026-10-07T10:02:29Z WARN  request id=req_0209 path=/api/ping status=200 duration=10ms
2026-10-07T10:02:30Z INFO  request id=req_0210 path=/api/ping status=200 duration=11ms
2026-10-07T10:02:31Z INFO  request id=req_0211 path=/api/ping status=200 duration=12ms
2026-10-07T10:02:32Z INFO  request id=req_0212 path=/api/ping status=200 duration=13ms
2026-10-07T10:02:33Z INFO  request id=req_0213 path=/api/ping status=200 duration=14ms
2026-10-07T10:02:34Z INFO  request id=req_0214 path=/api/ping status=200 duration=15ms
2026-10-07T10:02:35Z INFO  request id=req_0215 path=/api/ping status=200 duration=16ms
2026-10-07T10:02:36Z INFO  request id=req_0216 path=/api/ping status=200 duration=17ms
2026-10-07T10:02:37Z INFO  request id=req_0217 path=/api/ping status=200 duration=18ms
2026-10-07T10:02:38Z INFO  request id=req_0218 path=/api/ping status=200 duration=19ms
2026-10-07T10:02:39Z INFO  request id=req_0219 path=/api/ping status=200 duration=20ms
2026-10-07T10:02:40Z WARN  request id=req_0220 path=/api/ping status=200 duration=21ms
2026-10-07T10:02:41Z ERROR request id=req_0221 path=/api/ping status=500 duration=22ms error="simulated failure"
2026-10-07T10:02:42Z INFO  request id=req_0222 path=/api/ping status=200 duration=23ms
2026-10-07T10:02:43Z INFO  request id=req_0223 path=/api/ping status=200 duration=24ms
2026-10-07T10:02:44Z INFO  request id=req_0224 path=/api/ping status=200 duration=25ms
2026-10-07T10:02:45Z INFO  request id=req_0225 path=/api/ping status=200 duration=26ms
2026-10-07T10:02:46Z INFO  request id=req_0226 path=/api/ping status=200 duration=27ms
2026-10-07T10:02:47Z INFO  request id=req_0227 path=/api/ping status=200 duration=28ms
2026-10-07T10:02:48Z INFO  request id=req_0228 path=/api/ping status=200 duration=29ms
2026-10-07T10:02:49Z INFO  request id=req_0229 path=/api/ping status=200 duration=30ms
2026-10-07T10:02:50Z INFO  request id=req_0230 path=/api/ping status=200 duration=31ms
2026-10-07T10:02:51Z WARN  request id=req_0231 path=/api/ping status=200 duration=32ms
2026-10-07T10:02:52Z INFO  request id=req_0232 path=/api/ping status=200 duration=33ms
2026-10-07T10:02:53Z INFO  request id=req_0233 path=/api/ping status=200 duration=34ms
2026-10-07T10:02:54Z INFO  request id=req_0234 path=/api/ping status=200 duration=35ms
2026-10-07T10:02:55Z INFO  request id=req_0235 path=/api/ping status=200 duration=36ms
2026-10-07T10:02:56Z INFO  request id=req_0236 path=/api/ping status=200 duration=37ms
2026-10-07T10:02:57Z INFO  request id=req_0237 path=/api/ping status=200 duration=38ms
2026-10-07T10:02:58Z ERROR request id=req_0238 path=/api/ping status=500 duration=39ms error="simulated failure"
2026-10-07T10:02:59Z INFO  request id=req_0239 path=/api/ping status=200 duration=40ms
2026-10-07T10:02:00Z INFO  request id=req_0240 path=/api/ping status=200 duration=1ms
2026-10-07T10:02:01Z INFO  request id=req_0241 path=/api/ping status=200 duration=2ms
2026-10-07T10:02:02Z WARN  request id=req_0242 path=/api/ping status=200 duration=3ms
2026-10-07T10:02:03Z INFO  request id=req_0243 path=/api/ping status=200 duration=4ms
2026-10-07T10:02:04Z INFO  request id=req_0244 path=/api/ping status=200 duration=5ms
2026-10-07T10:02:05Z INFO  request id=req_0245 path=/api/ping status=200 duration=6ms
2026-10-07T10:02:06Z INFO  request id=req_0246 path=/api/ping status=200 duration=7ms
2026-10-07T10:02:07Z INFO  request id=req_0247 path=/api/ping status=200 duration=8ms
2026-10-07T10:02:08Z INFO  request id=req_0248 path=/api/ping status=200 duration=9ms
2026-10-07T10:02:09Z INFO  request id=req_0249 path=/api/ping status=200 duration=10ms
2026-10-07T10:02:10Z INFO  request id=req_0250 path=/api/ping status=200 duration=11ms
2026-10-07T10:02:11Z INFO  request id=req_0251 path=/api/ping status=200 duration=12ms
2026-10-07T10:02:12Z INFO  request id=req_0252 path=/api/ping status=200 duration=13ms
2026-10-07T10:02:13Z WARN  request id=req_0253 path=/api/ping status=200 duration=14ms
2026-10-07T10:02:14Z INFO  request id=req_0254 path=/api/ping status=200 duration=15ms
2026-10-07T10:02:15Z ERROR request id=req_0255 path=/api/ping status=500 duration=16ms error="simulated failure"
2026-10-07T10:02:16Z INFO  request id=req_0256 path=/api/ping status=200 duration=17ms
2026-10-07T10:02:17Z INFO  request id=req_0257 path=/api/ping status=200 duration=18ms
2026-10-07T10:02:18Z INFO  request id=req_0258 path=/api/ping status=200 duration=19ms
2026-10-07T10:02:19Z INFO  request id=req_0259 path=/api/ping status=200 duration=20ms
2026-10-07T10:02:20Z INFO  request id=req_0260 path=/api/ping status=200 duration=21ms
2026-10-07T10:02:21Z INFO  request id=req_0261 path=/api/ping status=200 duration=22ms
2026-10-07T10:02:22Z INFO  request id=req_0262 path=/api/ping status=200 duration=23ms
2026-10-07T10:02:23Z INFO  request id=req_0263 path=/api/ping status=200 duration=24ms
2026-10-07T10:02:24Z WARN  request id=req_0264 path=/api/ping status=200 duration=25ms
2026-10-07T10:02:25Z INFO  request id=req_0265 path=/api/ping status=200 duration=26ms
2026-10-07T10:02:26Z INFO  request id=req_0266 path=/api/ping status=200 duration=27ms
2026-10-07T10:02:27Z INFO  request id=req_0267 path=/api/ping status=200 duration=28ms
2026-10-07T10:02:28Z INFO  request id=req_0268 path=/api/ping status=200 duration=29ms
2026-10-07T10:02:29Z INFO  request id=req_0269 path=/api/ping status=200 duration=30ms
2026-10-07T10:02:30Z INFO  request id=req_0270 path=/api/ping status=200 duration=31ms
2026-10-07T10:02:31Z INFO  request id=req_0271 path=/api/ping status=200 duration=32ms
2026-10-07T10:02:32Z ERROR request id=req_0272 path=/api/ping status=500 duration=33ms error="simulated failure"
2026-10-07T10:02:33Z INFO  request id=req_0273 path=/api/ping status=200 duration=34ms
2026-10-07T10:02:34Z INFO  request id=req_0274 path=/api/ping status=200 duration=35ms
2026-10-07T10:02:35Z WARN  request id=req_0275 path=/api/ping status=200 duration=36ms
2026-10-07T10:02:36Z INFO  request id=req_0276 path=/api/ping status=200 duration=37ms
2026-10-07T10:02:37Z INFO  request id=req_0277 path=/api/ping status=200 duration=38ms
2026-10-07T10:02:38Z INFO  request id=req_0278 path=/api/ping status=200 duration=39ms
2026-10-07T10:02:39Z INFO  request id=req_0279 path=/api/ping status=200 duration=40ms
2026-10-07T10:02:40Z INFO  request id=req_0280 path=/api/ping status=200 duration=1ms
2026-10-07T10:02:41Z INFO  request id=req_0281 path=/api/ping status=200 duration=2ms
2026-10-07T10:02:42Z INFO  request id=req_0282 path=/api/ping status=200 duration=3ms
2026-10-07T10:02:43Z INFO  request id=req_0283 path=/api/ping status=200 duration=4ms
2026-10-07T10:02:44Z INFO  request id=req_0284 path=/api/ping status=200 duration=5ms
2026-10-07T10:02:45Z INFO  request id=req_0285 path=/api/ping status=200 duration=6ms
2026-10-07T10:02:46Z WARN  request id=req_0286 path=/api/ping status=200 duration=7ms
2026-10-07T10:02:47Z INFO  request id=req_0287 path=/api/ping status=200 duration=8ms
2026-10-07T10:02:48Z INFO  request id=req_0288 path=/api/ping status=200 duration=9ms
2026-10-07T10:02:49Z ERROR request id=req_0289 path=/api/ping status=500 duration=10ms error="simulated failure"
2026-10-07T10:02:50Z INFO  request id=req_0290 path=/api/ping status=200 duration=11ms
2026-10-07T10:02:51Z INFO  request id=req_0291 path=/api/ping status=200 duration=12ms
2026-10-07T10:02:52Z INFO  request id=req_0292 path=/api/ping status=200 duration=13ms
2026-10-07T10:02:53Z INFO  request id=req_0293 path=/api/ping status=200 duration=14ms
2026-10-07T10:02:54Z INFO  request id=req_0294 path=/api/ping status=200 duration=15ms
2026-10-07T10:02:55Z INFO  request id=req_0295 path=/api/ping status=200 duration=16ms
2026-10-07T10:02:56Z INFO  request id=req_0296 path=/api/ping status=200 duration=17ms
2026-10-07T10:02:57Z WARN  request id=req_0297 path=/api/ping status=200 duration=18ms
2026-10-07T10:02:58Z INFO  request id=req_0298 path=/api/ping status=200 duration=19ms
2026-10-07T10:02:59Z INFO  request id=req_0299 path=/api/ping status=200 duration=20ms
2026-10-07T10:02:00Z INFO  request id=req_0300 path=/api/ping status=200 duration=21ms
2026-10-07T10:02:01Z INFO  request id=req_0301 path=/api/ping status=200 duration=22ms
2026-10-07T10:02:02Z INFO  request id=req_0302 path=/api/ping status=200 duration=23ms
2026-10-07T10:02:03Z INFO  request id=req_0303 path=/api/ping status=200 duration=24ms
2026-10-07T10:02:04Z INFO  request id=req_0304 path=/api/ping status=200 duration=25ms
2026-10-07T10:02:05Z INFO  request id=req_0305 path=/api/ping status=200 duration=26ms
2026-10-07T10:02:06Z ERROR request id=req_0306 path=/api/ping status=500 duration=27ms error="simulated failure"
2026-10-07T10:02:07Z INFO  request id=req_0307 path=/api/ping status=200 duration=28ms
2026-10-07T10:02:08Z WARN  request id=req_0308 path=/api/ping status=200 duration=29ms
2026-10-07T10:02:09Z INFO  request id=req_0309 path=/api/ping status=200 duration=30ms
2026-10-07T10:02:10Z INFO  request id=req_0310 path=/api/ping status=200 duration=31ms
2026-10-07T10:02:11Z INFO  request id=req_0311 path=/api/ping status=200 duration=32ms
2026-10-07T10:02:12Z INFO  request id=req_0312 path=/api/ping status=200 duration=33ms
2026-10-07T10:02:13Z INFO  request id=req_0313 path=/api/ping status=200 duration=34ms
2026-10-07T10:02:14Z INFO  request id=req_0314 path=/api/ping status=200 duration=35ms
2026-10-07T10:02:15Z INFO  request id=req_0315 path=/api/ping status=200 duration=36ms
2026-10-07T10:02:16Z INFO  request id=req_0316 path=/api/ping status=200 duration=37ms
2026-10-07T10:02:17Z INFO  request id=req_0317 path=/api/ping status=200 duration=38ms
2026-10-07T10:02:18Z INFO  request id=req_0318 path=/api/ping status=200 duration=39ms
2026-10-07T10:02:19Z WARN  request id=req_0319 path=/api/ping status=200 duration=40ms
2026-10-07T10:02:20Z INFO  request id=req_0320 path=/api/ping status=200 duration=1ms
2026-10-07T10:02:21Z INFO  request id=req_0321 path=/api/ping status=200 duration=2ms
2026-10-07T10:02:22Z INFO  request id=req_0322 path=/api/ping status=200 duration=3ms
2026-10-07T10:02:23Z ERROR request id=req_0323 path=/api/ping status=500 duration=4ms error="simulated failure"
2026-10-07T10:02:24Z INFO  request id=req_0324 path=/api/ping status=200 duration=5ms
2026-10-07T10:02:25Z INFO  request id=req_0325 path=/api/ping status=200 duration=6ms
2026-10-07T10:02:26Z INFO  request id=req_0326 path=/api/ping status=200 duration=7ms
2026-10-07T10:02:27Z INFO  request id=req_0327 path=/api/ping status=200 duration=8ms
2026-10-07T10:02:28Z INFO  request id=req_0328 path=/api/ping status=200 duration=9ms
2026-10-07T10:02:29Z INFO  request id=req_0329 path=/api/ping status=200 duration=10ms
2026-10-07T10:02:30Z WARN  request id=req_0330 path=/api/ping status=200 duration=11ms
2026-10-07T10:02:31Z INFO  request id=req_0331 path=/api/ping status=200 duration=12ms
2026-10-07T10:02:32Z INFO  request id=req_0332 path=/api/ping status=200 duration=13ms
2026-10-07T10:02:33Z INFO  request id=req_0333 path=/api/ping status=200 duration=14ms
2026-10-07T10:02:34Z INFO  request id=req_0334 path=/api/ping status=200 duration=15ms
2026-10-07T10:02:35Z INFO  request id=req_0335 path=/api/ping status=200 duration=16ms
2026-10-07T10:02:36Z INFO  request id=req_0336 path=/api/ping status=200 duration=17ms
2026-10-07T10:02:37Z INFO  request id=req_0337 path=/api/ping status=200 duration=18ms
2026-10-07T10:02:38Z INFO  request id=req_0338 path=/api/ping status=200 duration=19ms
2026-10-07T10:02:39Z INFO  request id=req_0339 path=/api/ping status=200 duration=20ms
2026-10-07T10:02:40Z ERROR request id=req_0340 path=/api/ping status=500 duration=21ms error="simulated failure"
2026-10-07T10:02:41Z WARN  request id=req_0341 path=/api/ping status=200 duration=22ms
2026-10-07T10:02:42Z INFO  request id=req_0342 path=/api/ping status=200 duration=23ms
2026-10-07T10:02:43Z INFO  request id=req_0343 path=/api/ping status=200 duration=24ms
2026-10-07T10:02:44Z INFO  request id=req_0344 path=/api/ping status=200 duration=25ms
2026-10-07T10:02:45Z INFO  request id=req_0345 path=/api/ping status=200 duration=26ms
2026-10-07T10:02:46Z INFO  request id=req_0346 path=/api/ping status=200 duration=27ms
2026-10-07T10:02:47Z INFO  request id=req_0347 path=/api/ping status=200 duration=28ms
2026-10-07T10:02:48Z INFO  request id=req_0348 path=/api/ping status=200 duration=29ms
2026-10-07T10:02:49Z INFO  request id=req_0349 path=/api/ping status=200 duration=30ms
2026-10-07T10:02:50Z INFO  request id=req_0350 path=/api/ping status=200 duration=31ms
2026-10-07T10:02:51Z INFO  request id=req_0351 path=/api/ping status=200 duration=32ms
2026-10-07T10:02:52Z WARN  request id=req_0352 path=/api/ping status=200 duration=33ms
2026-10-07T10:02:53Z INFO  request id=req_0353 path=/api/ping status=200 duration=34ms
2026-10-07T10:02:54Z INFO  request id=req_0354 path=/api/ping status=200 duration=35ms
2026-10-07T10:02:55Z INFO  request id=req_0355 path=/api/ping status=200 duration=36ms
2026-10-07T10:02:56Z INFO  request id=req_0356 path=/api/ping status=200 duration=37ms
2026-10-07T10:02:57Z ERROR request id=req_0357 path=/api/ping status=500 duration=38ms error="simulated failure"
2026-10-07T10:02:58Z INFO  request id=req_0358 path=/api/ping status=200 duration=39ms
2026-10-07T10:02:59Z INFO  request id=req_0359 path=/api/ping status=200 duration=40ms
2026-10-07T10:02:00Z INFO  request id=req_0360 path=/api/ping status=200 duration=1ms
2026-10-07T10:02:01Z INFO  request id=req_0361 path=/api/ping status=200 duration=2ms
2026-10-07T10:02:02Z INFO  request id=req_0362 path=/api/ping status=200 duration=3ms
2026-10-07T10:02:03Z WARN  request id=req_0363 path=/api/ping status=200 duration=4ms
2026-10-07T10:02:04Z INFO  request id=req_0364 path=/api/ping status=200 duration=5ms
2026-10-07T10:02:05Z INFO  request id=req_0365 path=/api/ping status=200 duration=6ms
2026-10-07T10:02:06Z INFO  request id=req_0366 path=/api/ping status=200 duration=7ms
2026-10-07T10:02:07Z INFO  request id=req_0367 path=/api/ping status=200 duration=8ms
2026-10-07T10:02:08Z INFO  request id=req_0368 path=/api/ping status=200 duration=9ms
2026-10-07T10:02:09Z INFO  request id=req_0369 path=/api/ping status=200 duration=10ms
2026-10-07T10:02:10Z INFO  request id=req_0370 path=/api/ping status=200 duration=11ms
2026-10-07T10:02:11Z INFO  request id=req_0371 path=/api/ping status=200 duration=12ms
2026-10-07T10:02:12Z INFO  request id=req_0372 path=/api/ping status=200 duration=13ms
2026-10-07T10:02:13Z INFO  request id=req_0373 path=/api/ping status=200 duration=14ms
2026-10-07T10:02:14Z ERROR request id=req_0374 path=/api/ping status=500 duration=15ms error="simulated failure"
2026-10-07T10:02:15Z INFO  request id=req_0375 path=/api/ping status=200 duration=16ms
2026-10-07T10:02:16Z INFO  request id=req_0376 path=/api/ping status=200 duration=17ms
2026-10-07T10:02:17Z INFO  request id=req_0377 path=/api/ping status=200 duration=18ms
2026-10-07T10:02:18Z INFO  request id=req_0378 path=/api/ping status=200 duration=19ms
2026-10-07T10:02:19Z INFO  request id=req_0379 path=/api/ping status=200 duration=20ms
2026-10-07T10:02:20Z INFO  request id=req_0380 path=/api/ping status=200 duration=21ms
2026-10-07T10:02:21Z INFO  request id=req_0381 path=/api/ping status=200 duration=22ms
2026-10-07T10:02:22Z INFO  request id=req_0382 path=/api/ping status=200 duration=23ms
2026-10-07T10:02:23Z INFO  request id=req_0383 path=/api/ping status=200 duration=24ms
2026-10-07T10:02:24Z INFO  request id=req_0384 path=/api/ping status=200 duration=25ms
2026-10-07T10:02:25Z WARN  request id=req_0385 path=/api/ping status=200 duration=26ms
2026-10-07T10:02:26Z INFO  request id=req_0386 path=/api/ping status=200 duration=27ms
2026-10-07T10:02:27Z INFO  request id=req_0387 path=/api/ping status=200 duration=28ms
2026-10-07T10:02:28Z INFO  request id=req_0388 path=/api/ping status=200 duration=29ms
2026-10-07T10:02:29Z INFO  request id=req_0389 path=/api/ping status=200 duration=30ms
2026-10-07T10:02:30Z INFO  request id=req_0390 path=/api/ping status=200 duration=31ms
2026-10-07T10:02:31Z ERROR request id=req_0391 path=/api/ping status=500 duration=32ms error="simulated failure"
2026-10-07T10:02:32Z INFO  request id=req_0392 path=/api/ping status=200 duration=33ms
2026-10-07T10:02:33Z INFO  request id=req_0393 path=/api/ping status=200 duration=34ms
2026-10-07T10:02:34Z INFO  request id=req_0394 path=/api/ping status=200 duration=35ms
2026-10-07T10:02:35Z INFO  request id=req_0395 path=/api/ping status=200 duration=36ms
2026-10-07T10:02:36Z WARN  request id=req_0396 path=/api/ping status=200 duration=37ms
2026-10-07T10:02:37Z INFO  request id=req_0397 path=/api/ping status=200 duration=38ms
2026-10-07T10:02:38Z INFO  request id=req_0398 path=/api/ping status=200 duration=39ms
2026-10-07T10:02:39Z INFO  request id=req_0399 path=/api/ping status=200 duration=40ms
2026-10-07T10:02:40Z INFO  request id=req_0400 path=/api/ping status=200 duration=1ms
